// Jest Snapshot v1, https://goo.gl/fbAQLP

exports[`Gif toObject should match snapshot 1`] = `
Object {
  "title": "a gif",
  "url": "/the-url",
}
`;
